
> angular@0.0.0 start
> ng serve --host 0.0.0.0  --no-hmr --disable-host-check --port 3000

Warning: Running a server with --disable-host-check is a security risk. See https://medium.com/webpack/webpack-dev-server-middleware-security-issues-1489d950874a for more information.
The "disableHostCheck" option will not be used because it is not supported by the "@angular-devkit/build-angular:application" builder.
❯ Building...
✔ Building...
Browser bundles     
Initial chunk files  | Names            |  Raw size
polyfills.js         | polyfills        |  90.20 kB | 
main.js              | main             |  22.59 kB | 
styles.css           | styles           |  95 bytes | 

                     | Initial total    | 112.88 kB


Server bundles      
Initial chunk files  | Names            |  Raw size
polyfills.server.mjs | polyfills.server | 572.91 kB | 
chunk-6XEG6CM6.mjs   | -                |  23.02 kB | 
server.mjs           | server           |   1.39 kB | 
main.server.mjs      | main.server      | 800 bytes | 

Application bundle generation complete. [2.793 seconds]

Watch mode enabled. Watching for file changes...
NOTE: Raw file sizes do not reflect development server per-request transformations.
  ➜  Local:   http://localhost:3000/
  ➜  Network: http://172.17.0.2:3000/
❯ Changes detected. Rebuilding...
✔ Changes detected. Rebuilding...
Browser bundles    
Initial chunk files | Names       |  Raw size
main.js             | main        |  42.27 kB | 


Server bundles     
Initial chunk files | Names       |  Raw size
chunk-5WI5FUAX.mjs  | -           |  42.65 kB | 
server.mjs          | server      |   1.39 kB | 
main.server.mjs     | main.server | 800 bytes | 

Application bundle generation complete. [0.719 seconds]

4:46:14 AM [vite] (ssr) ✨ new dependencies optimized: @angular/forms, rxjs
4:46:14 AM [vite] (ssr) ✨ optimized dependencies changed. reloading
Page reload sent to client(s).
❯ Changes detected. Rebuilding...
✔ Changes detected. Rebuilding...
Browser bundles    
Initial chunk files | Names       |  Raw size
main.js             | main        |  21.87 kB | 


Server bundles     
Initial chunk files | Names       |  Raw size
chunk-WNMNP2TW.mjs  | -           |  22.33 kB | 
server.mjs          | server      |   1.39 kB | 
main.server.mjs     | main.server | 800 bytes | 

Application bundle generation complete. [0.413 seconds]

▲ [WARNING] TS-998113: NotesContainerComponent is not used within the template of AppComponent [plugin angular-compiler]

    src/app/app.component.ts:8:26:
      8 │   imports: [RouterOutlet, NotesContainerComponent],
        ╵                           ~~~~~~~~~~~~~~~~~~~~~~~


Page reload sent to client(s).
❯ Changes detected. Rebuilding...
✔ Changes detected. Rebuilding...

No output file changes.

Application bundle generation complete. [0.013 seconds]

▲ [WARNING] TS-998113: NotesContainerComponent is not used within the template of AppComponent [plugin angular-compiler]

    src/app/app.component.ts:8:26:
      8 │   imports: [RouterOutlet, NotesContainerComponent],
        ╵                           ~~~~~~~~~~~~~~~~~~~~~~~


❯ Changes detected. Rebuilding...
✔ Changes detected. Rebuilding...
Initial chunk files | Names  | Raw size
styles.css          | styles |  1.54 kB | 

Application bundle generation complete. [0.010 seconds]

▲ [WARNING] TS-998113: NotesContainerComponent is not used within the template of AppComponent [plugin angular-compiler]

    src/app/app.component.ts:8:26:
      8 │   imports: [RouterOutlet, NotesContainerComponent],
        ╵                           ~~~~~~~~~~~~~~~~~~~~~~~


Page reload sent to client(s).
❯ Changes detected. Rebuilding...
✔ Changes detected. Rebuilding...
Browser bundles    
Initial chunk files | Names       |  Raw size
main.js             | main        |  22.15 kB | 


Server bundles     
Initial chunk files | Names       |  Raw size
chunk-4JBCHM7P.mjs  | -           |  22.61 kB | 
server.mjs          | server      |   1.39 kB | 
main.server.mjs     | main.server | 800 bytes | 

Application bundle generation complete. [0.278 seconds]

▲ [WARNING] TS-998113: NotesContainerComponent is not used within the template of AppComponent [plugin angular-compiler]

    src/app/app.component.ts:8:26:
      8 │   imports: [RouterOutlet, NotesContainerComponent],
        ╵                           ~~~~~~~~~~~~~~~~~~~~~~~


Page reload sent to client(s).
❯ Changes detected. Rebuilding...
✔ Changes detected. Rebuilding...
Browser bundles    
Initial chunk files | Names       |  Raw size
main.js             | main        |  22.15 kB | 


Server bundles     
Initial chunk files | Names       |  Raw size
chunk-LVHCBCY3.mjs  | -           |  22.58 kB | 
server.mjs          | server      |   1.39 kB | 
main.server.mjs     | main.server | 800 bytes | 

Application bundle generation complete. [0.222 seconds]

Page reload sent to client(s).
❯ Changes detected. Rebuilding...
✔ Changes detected. Rebuilding...
Browser bundles    
Initial chunk files | Names       |  Raw size
main.js             | main        |  22.50 kB | 


Server bundles     
Initial chunk files | Names       |  Raw size
chunk-HD2UXLHX.mjs  | -           |  22.93 kB | 
server.mjs          | server      |   1.39 kB | 
main.server.mjs     | main.server | 800 bytes | 

Application bundle generation complete. [0.323 seconds]

Page reload sent to client(s).
❯ Changes detected. Rebuilding...
✔ Changes detected. Rebuilding...
Browser bundles    
Initial chunk files | Names       |  Raw size
main.js             | main        |  23.23 kB | 


Server bundles     
Initial chunk files | Names       |  Raw size
chunk-DZNRKVAX.mjs  | -           |  23.67 kB | 
server.mjs          | server      |   1.39 kB | 
main.server.mjs     | main.server | 800 bytes | 

Application bundle generation complete. [0.205 seconds]

Page reload sent to client(s).
❯ Changes detected. Rebuilding...
✔ Changes detected. Rebuilding...
Browser bundles    
Initial chunk files | Names       |  Raw size
main.js             | main        |  23.24 kB | 


Server bundles     
Initial chunk files | Names       |  Raw size
chunk-5OOCEYZR.mjs  | -           |  23.68 kB | 
server.mjs          | server      |   1.39 kB | 
main.server.mjs     | main.server | 800 bytes | 

Application bundle generation complete. [0.334 seconds]

Page reload sent to client(s).
❯ Changes detected. Rebuilding...
✔ Changes detected. Rebuilding...
Browser bundles    
Initial chunk files | Names       |  Raw size
main.js             | main        |  23.53 kB | 


Server bundles     
Initial chunk files | Names       |  Raw size
chunk-2ITVDNVY.mjs  | -           |  23.97 kB | 
server.mjs          | server      |   1.39 kB | 
main.server.mjs     | main.server | 800 bytes | 

Application bundle generation complete. [0.392 seconds]

Page reload sent to client(s).
❯ Changes detected. Rebuilding...
✔ Changes detected. Rebuilding...
Browser bundles    
Initial chunk files | Names       |  Raw size
main.js             | main        |  23.84 kB | 


Server bundles     
Initial chunk files | Names       |  Raw size
chunk-URE3TLA4.mjs  | -           |  24.28 kB | 
server.mjs          | server      |   1.39 kB | 
main.server.mjs     | main.server | 800 bytes | 

Application bundle generation complete. [0.258 seconds]

Page reload sent to client(s).
❯ Changes detected. Rebuilding...
✔ Changes detected. Rebuilding...
Browser bundles    
Initial chunk files | Names       |  Raw size
main.js             | main        |  23.77 kB | 


Server bundles     
Initial chunk files | Names       |  Raw size
chunk-YKR5QKAE.mjs  | -           |  24.21 kB | 
server.mjs          | server      |   1.39 kB | 
main.server.mjs     | main.server | 800 bytes | 

Application bundle generation complete. [0.340 seconds]

Page reload sent to client(s).
❯ Changes detected. Rebuilding...
✔ Changes detected. Rebuilding...
Server bundles     
Initial chunk files | Names       |  Raw size
chunk-RJNFSIHG.mjs  | -           |  24.21 kB | 
server.mjs          | server      |   1.39 kB | 
main.server.mjs     | main.server | 800 bytes | 

Application bundle generation complete. [0.148 seconds]

Page reload sent to client(s).
❯ Changes detected. Rebuilding...
✔ Changes detected. Rebuilding...
Application bundle generation failed. [0.269 seconds]

✘ [ERROR] TS2564: Property 'notes$' has no initializer and is not definitely assigned in the constructor. [plugin angular-compiler]

    src/app/components/notes-container/notes-container.component.ts:17:2:
      17 │   notes$: Observable<Note[]>;
         ╵   ~~~~~~


✘ [ERROR] TS2564: Property 'categories$' has no initializer and is not definitely assigned in the constructor. [plugin angular-compiler]

    src/app/components/notes-container/notes-container.component.ts:18:2:
      18 │   categories$: Observable<string[]>;
         ╵   ~~~~~~~~~~~


❯ Changes detected. Rebuilding...
✔ Changes detected. Rebuilding...
Browser bundles     
Initial chunk files  | Names            |  Raw size
polyfills.js         | polyfills        |  90.20 kB | 
main.js              | main             |  23.85 kB | 
styles.css           | styles           |   1.54 kB | 

                     | Initial total    | 115.60 kB


Server bundles      
Initial chunk files  | Names            |  Raw size
polyfills.server.mjs | polyfills.server | 572.91 kB | 
chunk-OO6JBVKT.mjs   | -                |  24.29 kB | 
server.mjs           | server           |   1.39 kB | 
main.server.mjs      | main.server      | 800 bytes | 

Application bundle generation complete. [0.325 seconds]

Page reload sent to client(s).
❯ Changes detected. Rebuilding...
✔ Changes detected. Rebuilding...
Server bundles     
Initial chunk files | Names       |  Raw size
chunk-4XURKP72.mjs  | -           |  24.29 kB | 
server.mjs          | server      |   1.39 kB | 
main.server.mjs     | main.server | 800 bytes | 

Application bundle generation complete. [0.152 seconds]

Page reload sent to client(s).
❯ Changes detected. Rebuilding...
✔ Changes detected. Rebuilding...
Server bundles     
Initial chunk files | Names       |  Raw size
chunk-VQARJ2NN.mjs  | -           |  24.29 kB | 
server.mjs          | server      |   1.39 kB | 
main.server.mjs     | main.server | 800 bytes | 

Application bundle generation complete. [0.220 seconds]

Page reload sent to client(s).
❯ Changes detected. Rebuilding...
✔ Changes detected. Rebuilding...
Browser bundles    
Initial chunk files | Names       |  Raw size
main.js             | main        |  23.86 kB | 


Server bundles     
Initial chunk files | Names       |  Raw size
chunk-LSBCMHG3.mjs  | -           |  24.30 kB | 
server.mjs          | server      |   1.39 kB | 
main.server.mjs     | main.server | 800 bytes | 

Application bundle generation complete. [0.250 seconds]

